// Jest Snapshot v1, https://goo.gl/fbAQLP

exports[`StyledCell matches the snapshot 1`] = `
<WithStyles(ForwardRef(TableCell))
  classes={
    Object {
      "body": "WithStyles(ForwardRef(TableCell))-body-2",
      "head": "WithStyles(ForwardRef(TableCell))-head-1",
    }
  }
>
  content
</WithStyles(ForwardRef(TableCell))>
`;
